// Vitest Snapshot v1, https://vitest.dev/guide/snapshot.html

exports[`BuiltinLogger > .child() > should create a child logger 0 1`] = `
[
  [
    "2022-01-01T00:00:00.000Z [96msome id[39m [32minfo[39m: Here is some message { more: [32m'information'[39m } { extra: [32m'data'[39m }",
  ],
]
`;

exports[`BuiltinLogger > .child() > should create a child logger 0 2`] = `
[
  [
    "2022-01-01T00:00:00.000Z some id info: Here is some message { more: 'information' } { extra: 'data' }",
  ],
]
`;

exports[`BuiltinLogger > .child() > should create a child logger 1 1`] = `
[
  [
    "2022-01-01T00:00:00.000Z [96msimple[39m [32minfo[39m: Here is some message { more: [32m'information'[39m }",
  ],
]
`;

exports[`BuiltinLogger > .child() > should create a child logger 1 2`] = `
[
  [
    "2022-01-01T00:00:00.000Z simple info: Here is some message { more: 'information' }",
  ],
]
`;

exports[`BuiltinLogger > constructor() > Should create debug logger 0 1`] = `
[
  [
    "2022-01-01T00:00:00.000Z [34mdebug[39m: testing debug message { withColorful: [32m'output'[39m }",
  ],
]
`;

exports[`BuiltinLogger > constructor() > Should create debug logger 1 1`] = `
[
  [
    "2022-01-01T00:00:00.000Z [32minfo[39m: testing debug message { withColorful: [32m'output'[39m }",
  ],
]
`;

exports[`BuiltinLogger > constructor() > Should create debug logger 2 1`] = `
[
  [
    "2022-01-01T00:00:00.000Z [38;2;255;165;0mwarn[39m: testing debug message { withColorful: [32m'output'[39m }",
  ],
]
`;

exports[`BuiltinLogger > constructor() > Should create debug logger 3 1`] = `
[
  [
    "2022-01-01T00:00:00.000Z [31merror[39m: testing debug message { withColorful: [32m'output'[39m }",
  ],
]
`;

exports[`BuiltinLogger > constructor() > Should create warn logger 1`] = `
[
  [
    "2022-01-01T00:00:00.000Z warn: testing warn message { withMeta: true }",
  ],
]
`;

exports[`BuiltinLogger > constructor() > Should handle array 0 1`] = `
[
  [
    "2022-01-01T00:00:00.000Z [31merror[39m: Array [ [32m'test'[39m ]",
  ],
]
`;

exports[`BuiltinLogger > constructor() > Should handle array 1 1`] = `
[
  [
    "2022-01-01T00:00:00.000Z [31merror[39m: Array [ [32m'test'[39m ]",
  ],
]
`;

exports[`BuiltinLogger > constructor() > Should handle circular references within subject 0 1`] = `
[
  [
    "2022-01-01T00:00:00.000Z error: Recursive <ref *1> {
  a: [ [Circular *1] ],
  b: <ref *2> { inner: [Circular *2], obj: [Circular *1] }
}",
  ],
]
`;

exports[`BuiltinLogger > constructor() > Should handle circular references within subject 1 1`] = `
[
  [
    "2022-01-01T00:00:00.000Z error: Recursive <ref *1> { a: [ [Circular *1] ], b: <ref *2> { inner: [Circular *2], obj: [Circular *1] } }",
  ],
]
`;

exports[`BuiltinLogger > constructor() > Should handle empty object meta 0 1`] = `
[
  [
    "2022-01-01T00:00:00.000Z [31merror[39m: Payload {}",
  ],
]
`;

exports[`BuiltinLogger > constructor() > Should handle empty object meta 1 1`] = `
[
  [
    "2022-01-01T00:00:00.000Z [31merror[39m: Payload {}",
  ],
]
`;

exports[`BuiltinLogger > constructor() > Should handle non-object meta 0 1`] = `
[
  [
    "2022-01-01T00:00:00.000Z [31merror[39m: Code [33m8090[39m",
  ],
]
`;

exports[`BuiltinLogger > constructor() > Should handle non-object meta 1 1`] = `
[
  [
    "2022-01-01T00:00:00.000Z [31merror[39m: Code [33m8090[39m",
  ],
]
`;

exports[`BuiltinLogger > formatDuration() > 0 should format 1e-9 ms 1`] = `"0.001 nanoseconds"`;

exports[`BuiltinLogger > formatDuration() > 1 should format 1e-8 ms 1`] = `"0.01 nanoseconds"`;

exports[`BuiltinLogger > formatDuration() > 2 should format 1e-7 ms 1`] = `"0.1 nanoseconds"`;

exports[`BuiltinLogger > formatDuration() > 3 should format 0.000001 ms 1`] = `"1 nanosecond"`;

exports[`BuiltinLogger > formatDuration() > 4 should format 0.00001 ms 1`] = `"10 nanoseconds"`;

exports[`BuiltinLogger > formatDuration() > 5 should format 0.0001 ms 1`] = `"100 nanoseconds"`;

exports[`BuiltinLogger > formatDuration() > 6 should format 0.001 ms 1`] = `"1 microsecond"`;

exports[`BuiltinLogger > formatDuration() > 7 should format 0.01 ms 1`] = `"10 microseconds"`;

exports[`BuiltinLogger > formatDuration() > 8 should format 0.1 ms 1`] = `"100 microseconds"`;

exports[`BuiltinLogger > formatDuration() > 9 should format 1 ms 1`] = `"1 millisecond"`;

exports[`BuiltinLogger > formatDuration() > 10 should format 10 ms 1`] = `"10 milliseconds"`;

exports[`BuiltinLogger > formatDuration() > 11 should format 100 ms 1`] = `"100 milliseconds"`;

exports[`BuiltinLogger > formatDuration() > 12 should format 1000 ms 1`] = `"1 second"`;

exports[`BuiltinLogger > formatDuration() > 13 should format 1500 ms 1`] = `"1.5 seconds"`;

exports[`BuiltinLogger > formatDuration() > 14 should format 10000 ms 1`] = `"10 seconds"`;

exports[`BuiltinLogger > formatDuration() > 15 should format 100000 ms 1`] = `"1.67 minutes"`;

exports[`BuiltinLogger > formatDuration() > 16 should format 1000000 ms 1`] = `"16.67 minutes"`;

exports[`BuiltinLogger > formatDuration() > 17 should format 10000000 ms 1`] = `"166.67 minutes"`;

exports[`BuiltinLogger > formatDuration() > 18 should format 100000000 ms 1`] = `"1666.67 minutes"`;

exports[`BuiltinLogger > formatDuration() > 19 should format 1000000000 ms 1`] = `"16666.67 minutes"`;
