// Vitest Snapshot v1, https://vitest.dev/guide/snapshot.html

exports[`Logger helpers > formatDuration() > 0 should format 1e-9 ms 1`] = `"0.001 nanoseconds"`;

exports[`Logger helpers > formatDuration() > 1 should format 1e-8 ms 1`] = `"0.01 nanoseconds"`;

exports[`Logger helpers > formatDuration() > 2 should format 1e-7 ms 1`] = `"0.1 nanoseconds"`;

exports[`Logger helpers > formatDuration() > 3 should format 0.000001 ms 1`] = `"1 nanosecond"`;

exports[`Logger helpers > formatDuration() > 4 should format 0.00001 ms 1`] = `"10 nanoseconds"`;

exports[`Logger helpers > formatDuration() > 5 should format 0.0001 ms 1`] = `"100 nanoseconds"`;

exports[`Logger helpers > formatDuration() > 6 should format 0.001 ms 1`] = `"1 microsecond"`;

exports[`Logger helpers > formatDuration() > 7 should format 0.01 ms 1`] = `"10 microseconds"`;

exports[`Logger helpers > formatDuration() > 8 should format 0.1 ms 1`] = `"100 microseconds"`;

exports[`Logger helpers > formatDuration() > 9 should format 1 ms 1`] = `"1 millisecond"`;

exports[`Logger helpers > formatDuration() > 10 should format 10 ms 1`] = `"10 milliseconds"`;

exports[`Logger helpers > formatDuration() > 11 should format 100 ms 1`] = `"100 milliseconds"`;

exports[`Logger helpers > formatDuration() > 12 should format 1000 ms 1`] = `"1 second"`;

exports[`Logger helpers > formatDuration() > 13 should format 1500 ms 1`] = `"1.5 seconds"`;

exports[`Logger helpers > formatDuration() > 14 should format 10000 ms 1`] = `"10 seconds"`;

exports[`Logger helpers > formatDuration() > 15 should format 100000 ms 1`] = `"1.67 minutes"`;

exports[`Logger helpers > formatDuration() > 16 should format 1000000 ms 1`] = `"16.67 minutes"`;

exports[`Logger helpers > formatDuration() > 17 should format 10000000 ms 1`] = `"166.67 minutes"`;

exports[`Logger helpers > formatDuration() > 18 should format 100000000 ms 1`] = `"1666.67 minutes"`;

exports[`Logger helpers > formatDuration() > 19 should format 1000000000 ms 1`] = `"16666.67 minutes"`;
