// Jest Snapshot v1, https://goo.gl/fbAQLP

exports[`Server createLastResortHandler() the handler should call ResultHandler with 404 error 1`] = `
Array [
  Object {
    "error": [NotFoundError: Can not POST undefined],
    "input": null,
    "logger": Object {
      "debug": [MockFunction],
      "error": [MockFunction],
      "info": [MockFunction],
      "warn": [MockFunction],
    },
    "output": null,
    "request": Object {
      "body": Object {
        "n": 453,
      },
      "header": [MockFunction],
      "method": "POST",
    },
    "response": Object {
      "end": [MockFunction],
      "json": [MockFunction],
      "set": [MockFunction],
      "status": [MockFunction],
    },
  },
]
`;
