// Jest Snapshot v1, https://goo.gl/fbAQLP

exports[`ZodUpload _parse() should accept UploadedFile 1`] = `
{
  "data": {
    "data": {
      "data": [
        115,
        111,
        109,
        101,
        116,
        104,
        105,
        110,
        103,
      ],
      "type": "Buffer",
    },
    "encoding": "utf-8",
    "md5": "",
    "mimetype": "image/jpeg",
    "mv": [MockFunction],
    "name": "avatar.jpg",
    "size": 100500,
    "tempFilePath": "",
    "truncated": false,
  },
  "success": true,
}
`;
