// Vitest Snapshot v1, https://vitest.dev/guide/snapshot.html

exports[`ez.file() > parsing > should perform additional check for base64 file 1`] = `
[
  {
    "code": "invalid_format",
    "format": "base64",
    "message": "Invalid base64-encoded string",
    "origin": "string",
    "path": [],
    "pattern": "/^([0-9a-zA-Z+/]{4})*(([0-9a-zA-Z+/]{2}==)|([0-9a-zA-Z+/]{3}=))?$/",
  },
]
`;
