// Vitest Snapshot v1, https://vitest.dev/guide/snapshot.html

exports[`Migration > should consist of one rule being the major version of the package 1`] = `
{
  "rules": {
    "v23": {
      "create": [Function],
      "defaultOptions": [],
      "meta": {
        "fixable": "code",
        "messages": {
          "add": "add {{ subject }} to {{ to }}",
          "change": "change {{ subject }} from {{ from }} to {{ to }}",
          "move": "move {{ subject }} to {{ to }}",
        },
        "schema": [],
        "type": "problem",
      },
    },
  },
}
`;
