// Vitest Snapshot v1, https://vitest.dev/guide/snapshot.html

exports[`ez.upload() > parsing > should accept UploadedFile 0 1`] = `
{
  "data": {
    "data": {
      "data": [
        115,
        111,
        109,
        101,
        116,
        104,
        105,
        110,
        103,
      ],
      "type": "Buffer",
    },
    "encoding": "utf-8",
    "md5": "",
    "mimetype": "image/jpeg",
    "mv": [MockFunction spy],
    "name": "avatar.jpg",
    "size": 100500,
    "tempFilePath": "",
    "truncated": false,
  },
  "success": true,
}
`;

exports[`ez.upload() > parsing > should accept UploadedFile 1 1`] = `
{
  "data": {
    "data": {
      "data": [
        115,
        111,
        109,
        101,
        116,
        104,
        105,
        110,
        103,
      ],
      "type": "Buffer",
    },
    "encoding": "utf-8",
    "md5": "",
    "mimetype": "image/jpeg",
    "mv": [MockFunction spy],
    "name": "avatar.jpg",
    "size": 100500,
    "tempFilePath": "",
    "truncated": false,
  },
  "success": true,
}
`;
